FFF.FFFF.F                                                               [100%]
================================== FAILURES ===================================
_________ TestRequestRegistry.test_create_request_returns_unique_ids __________

self = <tests.test_websocket_bridge.TestRequestRegistry object at 0x0000026EAD258D70>

    def test_create_request_returns_unique_ids(self):
        """Test that create_request generates unique IDs."""
        registry = RequestRegistry()
    
>       id1 = registry.create_request()
              ^^^^^^^^^^^^^^^^^^^^^^^^^
E       TypeError: RequestRegistry.create_request() missing 2 required positional arguments: 'loop' and 'script'

tests\test_websocket_bridge.py:21: TypeError
____________ TestRequestRegistry.test_create_request_with_trace_id ____________

self = <tests.test_websocket_bridge.TestRequestRegistry object at 0x0000026EAFDAE4B0>

    def test_create_request_with_trace_id(self):
        """Test that trace_id is preserved in pending request."""
        registry = RequestRegistry()
    
>       request_id = registry.create_request(trace_id="test_trace_123")
                     ^^^^^^^^^^^^^^^^^^^^^^^^^^^^^^^^^^^^^^^^^^^^^^^^^^
E       TypeError: RequestRegistry.create_request() missing 2 required positional arguments: 'loop' and 'script'

tests\test_websocket_bridge.py:34: TypeError
__________ TestRequestRegistry.test_complete_request_resolves_future __________

self = <tests.test_websocket_bridge.TestRequestRegistry object at 0x0000026EAFDAE6F0>

    def test_complete_request_resolves_future(self):
        """Test that complete_request sets the result on the future."""
        registry = RequestRegistry()
    
>       request_id = registry.create_request()
                     ^^^^^^^^^^^^^^^^^^^^^^^^^
E       TypeError: RequestRegistry.create_request() missing 2 required positional arguments: 'loop' and 'script'

tests\test_websocket_bridge.py:44: TypeError
____________ TestRequestRegistry.test_fail_request_sets_exception _____________

self = <tests.test_websocket_bridge.TestRequestRegistry object at 0x0000026EAFDAEC30>

    def test_fail_request_sets_exception(self):
        """Test that fail_request sets an exception on the future."""
        registry = RequestRegistry()
    
>       request_id = registry.create_request()
                     ^^^^^^^^^^^^^^^^^^^^^^^^^
E       TypeError: RequestRegistry.create_request() missing 2 required positional arguments: 'loop' and 'script'

tests\test_websocket_bridge.py:64: TypeError
_________________ TestRequestRegistry.test_cancel_all_pending _________________

self = <tests.test_websocket_bridge.TestRequestRegistry object at 0x0000026EAFDAEED0>

    def test_cancel_all_pending(self):
        """Test that cancel_all_pending cancels all futures."""
        registry = RequestRegistry()
    
>       id1 = registry.create_request()
              ^^^^^^^^^^^^^^^^^^^^^^^^^
E       TypeError: RequestRegistry.create_request() missing 2 required positional arguments: 'loop' and 'script'

tests\test_websocket_bridge.py:77: TypeError
____________ TestWebSocketBridge.test_is_connected_initially_false ____________

self = <tests.test_websocket_bridge.TestWebSocketBridge object at 0x0000026EAFDAF200>

    def test_is_connected_initially_false(self):
        """Test that is_connected returns False initially."""
>       with patch('illustrator_mcp.websocket_bridge.WebSocketBridge._start_bridge_thread'):
             ^^^^^^^^^^^^^^^^^^^^^^^^^^^^^^^^^^^^^^^^^^^^^^^^^^^^^^^^^^^^^^^^^^^^^^^^^^^^^^

tests\test_websocket_bridge.py:102: 
_ _ _ _ _ _ _ _ _ _ _ _ _ _ _ _ _ _ _ _ _ _ _ _ _ _ _ _ _ _ _ _ _ _ _ _ _ _ _ _

self = <unittest.mock._patch object at 0x0000026EAFE19F70>

    def __enter__(self):
        """Perform the patch."""
        if self.is_started:
            raise RuntimeError("Patch is already started")
    
        new, spec, spec_set = self.new, self.spec, self.spec_set
        autospec, kwargs = self.autospec, self.kwargs
        new_callable = self.new_callable
        self.target = self.getter()
    
        # normalise False to None
        if spec is False:
            spec = None
        if spec_set is False:
            spec_set = None
        if autospec is False:
            autospec = None
    
        if spec is not None and autospec is not None:
            raise TypeError("Can't specify spec and autospec")
        if ((spec is not None or autospec is not None) and
            spec_set not in (True, None)):
            raise TypeError("Can't provide explicit spec_set *and* spec or autospec")
    
>       original, local = self.get_original()
                          ^^^^^^^^^^^^^^^^^^^

C:\Users\k.jin\AppData\Local\Programs\Python\Python312\Lib\unittest\mock.py:1467: 
_ _ _ _ _ _ _ _ _ _ _ _ _ _ _ _ _ _ _ _ _ _ _ _ _ _ _ _ _ _ _ _ _ _ _ _ _ _ _ _

self = <unittest.mock._patch object at 0x0000026EAFE19F70>

    def get_original(self):
        target = self.getter()
        name = self.attribute
    
        original = DEFAULT
        local = False
    
        try:
            original = target.__dict__[name]
        except (AttributeError, KeyError):
            original = getattr(target, name, DEFAULT)
        else:
            local = True
    
        if name in _builtins and isinstance(target, ModuleType):
            self.create = True
    
        if not self.create and original is DEFAULT:
>           raise AttributeError(
                "%s does not have the attribute %r" % (target, name)
            )
E           AttributeError: <class 'illustrator_mcp.websocket_bridge.WebSocketBridge'> does not have the attribute '_start_bridge_thread'

C:\Users\k.jin\AppData\Local\Programs\Python\Python312\Lib\unittest\mock.py:1437: AttributeError
________________ TestWebSocketBridge.test_bridge_has_registry _________________

self = <tests.test_websocket_bridge.TestWebSocketBridge object at 0x0000026EAFDAF170>

    def test_bridge_has_registry(self):
        """Test that bridge has a RequestRegistry instance."""
>       with patch('illustrator_mcp.websocket_bridge.WebSocketBridge._start_bridge_thread'):
             ^^^^^^^^^^^^^^^^^^^^^^^^^^^^^^^^^^^^^^^^^^^^^^^^^^^^^^^^^^^^^^^^^^^^^^^^^^^^^^

tests\test_websocket_bridge.py:110: 
_ _ _ _ _ _ _ _ _ _ _ _ _ _ _ _ _ _ _ _ _ _ _ _ _ _ _ _ _ _ _ _ _ _ _ _ _ _ _ _

self = <unittest.mock._patch object at 0x0000026EB1F07E90>

    def __enter__(self):
        """Perform the patch."""
        if self.is_started:
            raise RuntimeError("Patch is already started")
    
        new, spec, spec_set = self.new, self.spec, self.spec_set
        autospec, kwargs = self.autospec, self.kwargs
        new_callable = self.new_callable
        self.target = self.getter()
    
        # normalise False to None
        if spec is False:
            spec = None
        if spec_set is False:
            spec_set = None
        if autospec is False:
            autospec = None
    
        if spec is not None and autospec is not None:
            raise TypeError("Can't specify spec and autospec")
        if ((spec is not None or autospec is not None) and
            spec_set not in (True, None)):
            raise TypeError("Can't provide explicit spec_set *and* spec or autospec")
    
>       original, local = self.get_original()
                          ^^^^^^^^^^^^^^^^^^^

C:\Users\k.jin\AppData\Local\Programs\Python\Python312\Lib\unittest\mock.py:1467: 
_ _ _ _ _ _ _ _ _ _ _ _ _ _ _ _ _ _ _ _ _ _ _ _ _ _ _ _ _ _ _ _ _ _ _ _ _ _ _ _

self = <unittest.mock._patch object at 0x0000026EB1F07E90>

    def get_original(self):
        target = self.getter()
        name = self.attribute
    
        original = DEFAULT
        local = False
    
        try:
            original = target.__dict__[name]
        except (AttributeError, KeyError):
            original = getattr(target, name, DEFAULT)
        else:
            local = True
    
        if name in _builtins and isinstance(target, ModuleType):
            self.create = True
    
        if not self.create and original is DEFAULT:
>           raise AttributeError(
                "%s does not have the attribute %r" % (target, name)
            )
E           AttributeError: <class 'illustrator_mcp.websocket_bridge.WebSocketBridge'> does not have the attribute '_start_bridge_thread'

C:\Users\k.jin\AppData\Local\Programs\Python\Python312\Lib\unittest\mock.py:1437: AttributeError
_______ TestDuplicateConnectionRejection.test_stale_connection_replaced _______

self = <tests.test_websocket_bridge.TestDuplicateConnectionRejection object at 0x0000026EAFDAE720>

    async def test_stale_connection_replaced(self):
        """Test that a stale (disconnected) connection is cleaned up."""
        from illustrator_mcp.bridge.server import WebSocketServer
    
        messages = []
        server = WebSocketServer(port=0, on_message=lambda m: messages.append(m))
    
        # Simulate first client that is already disconnected (stale)
        mock_client1 = AsyncMock()
        mock_client1.closed = True
        mock_client1.open = False
        mock_client1.close = AsyncMock()
        server.client = mock_client1
    
        # New connection should succeed
        mock_client2 = AsyncMock()
        mock_client2.__aiter__ = MagicMock(return_value=iter([]))
    
        # Simulate the connection handling
>       await server._handle_client(mock_client2)

tests\test_websocket_bridge.py:169: 
_ _ _ _ _ _ _ _ _ _ _ _ _ _ _ _ _ _ _ _ _ _ _ _ _ _ _ _ _ _ _ _ _ _ _ _ _ _ _ _

self = <illustrator_mcp.bridge.server.WebSocketServer object at 0x0000026EB1F97F80>
websocket = <AsyncMock id='2674455568384'>

    async def _handle_client(self, websocket: WebSocketServerProtocol):
        """Handle a connected client."""
        # Reject if there is already an active connection
        if self.client is not None and self.is_connected():
            logger.warning(
                "Connection rejected: Another client is already connected."
            )
            await websocket.close(
                4001,
                "Another MCP client is already connected to Illustrator. "
                "Please close the existing connection first."
            )
            return
    
        # Clean up zombie connections (disconnected but not yet cleaned)
        if self.client is not None:
            logger.info("Cleaning up stale connection")
            try:
                await self.client.close(1000, "Stale connection cleanup")
            except Exception:
                pass
            self.client = None
    
        logger.info("Illustrator CEP panel connected")
        self.client = websocket
    
        try:
>           async for message in websocket:
                                 ^^^^^^^^^
E           TypeError: 'async for' received an object from __aiter__ that does not implement __anext__: list_iterator

illustrator_mcp\bridge\server.py:102: TypeError
============================== warnings summary ===============================
tests/test_websocket_bridge.py::TestWebSocketBridge::test_is_connected_initially_false
  C:\Users\k.jin\OneDrive\PhD\claude\scientific_plot_agent_antigravity\Illustrator_MCP\illustrator_mcp\bridge\server.py:9: DeprecationWarning: websockets.server.WebSocketServerProtocol is deprecated
    from websockets.server import WebSocketServerProtocol

tests/test_websocket_bridge.py::TestWebSocketBridge::test_is_connected_initially_false
  C:\Users\k.jin\AppData\Local\Programs\Python\Python312\Lib\site-packages\websockets\legacy\__init__.py:6: DeprecationWarning: websockets.legacy is deprecated; see https://websockets.readthedocs.io/en/stable/howto/upgrade.html for upgrade instructions
    warnings.warn(  # deprecated in 14.0 - 2024-11-09

-- Docs: https://docs.pytest.org/en/stable/how-to/capture-warnings.html
=============================== tests coverage ================================
_______________ coverage: platform win32, python 3.12.8-final-0 _______________

Name                                          Stmts   Miss  Cover
-----------------------------------------------------------------
illustrator_mcp\__init__.py                       2      0   100%
illustrator_mcp\__version__.py                    1      0   100%
illustrator_mcp\bridge\request_registry.py       49     23    53%
illustrator_mcp\bridge\server.py                 81     42    48%
illustrator_mcp\config.py                        14      1    93%
illustrator_mcp\errors.py                        10     10     0%
illustrator_mcp\libraries.py                     99     99     0%
illustrator_mcp\log_config.py                    24     24     0%
illustrator_mcp\protocol.py                     177    177     0%
illustrator_mcp\proxy_client.py                  93     93     0%
illustrator_mcp\response_models.py               48     48     0%
illustrator_mcp\runtime.py                       28     28     0%
illustrator_mcp\schemas\__init__.py              42     42     0%
illustrator_mcp\schemas\schema_generator.py      22     22     0%
illustrator_mcp\server.py                        14     14     0%
illustrator_mcp\shared.py                        66     41    38%
illustrator_mcp\templates.py                     19     19     0%
illustrator_mcp\tools\__init__.py                 7      7     0%
illustrator_mcp\tools\base.py                    11     11     0%
illustrator_mcp\tools\context.py                 27     27     0%
illustrator_mcp\tools\documents.py              100    100     0%
illustrator_mcp\tools\execute.py                 67     67     0%
illustrator_mcp\tools\query.py                   59     59     0%
illustrator_mcp\tools\templates.py                9      9     0%
illustrator_mcp\utils.py                         14     14     0%
illustrator_mcp\websocket_bridge.py             115     87    24%
-----------------------------------------------------------------
TOTAL                                          1198   1064    11%
Coverage HTML written to dir htmlcov
=========================== short test summary info ===========================
FAILED tests/test_websocket_bridge.py::TestRequestRegistry::test_create_request_returns_unique_ids
FAILED tests/test_websocket_bridge.py::TestRequestRegistry::test_create_request_with_trace_id
FAILED tests/test_websocket_bridge.py::TestRequestRegistry::test_complete_request_resolves_future
FAILED tests/test_websocket_bridge.py::TestRequestRegistry::test_fail_request_sets_exception
FAILED tests/test_websocket_bridge.py::TestRequestRegistry::test_cancel_all_pending
FAILED tests/test_websocket_bridge.py::TestWebSocketBridge::test_is_connected_initially_false
FAILED tests/test_websocket_bridge.py::TestWebSocketBridge::test_bridge_has_registry
FAILED tests/test_websocket_bridge.py::TestDuplicateConnectionRejection::test_stale_connection_replaced
8 failed, 2 passed, 2 warnings in 5.42s
